
Map of Debug\fat42_v2.sm8 from link file Debug\fat42_v2.lkf - Mon Oct 02 12:38:26 2017


                               --------
                               Segments
                               --------

start 00008080 end 0000809c length    28 segment .const
start 000080d3 end 0000a026 length  8019 segment .text
start 00004000 end 0000402e length    46 segment .eeprom
start 00000000 end 0000001b length    27 segment .bsct, initialized
start 000080ae end 000080c9 length    27 segment .bsct, from
start 0000001b end 000000f6 length   219 segment .ubsct
start 0000f6:0 end 0000f7:2 length    10 segment .bit, initialized
start 000080c9 end 000080cb length     2 segment .bit, from
start 000000f8 end 000000f8 length     0 segment .share
start 00000100 end 00000108 length     8 segment .data, initialized
start 000080cb end 000080d3 length     8 segment .data, from
start 00000108 end 0000035f length   599 segment .bss
start 00000000 end 00000635 length  1589 segment .info.
start 00000000 end 00003492 length 13458 segment .debug
start 00008000 end 00008080 length   128 segment .const
start 0000809c end 000080ae length    18 segment .init


                               -------
                               Modules
                               -------

C:\Program Files\COSMIC\CXSTM8_32K\Lib\crtsi0.sm8:
start 000080d3 end 0000811e length    75 section .text
start 00000108 end 00000108 length     0 section .bss
start 0000001b end 0000001b length     0 section .ubsct
start 00000000 end 0000002f length    47 section .info.

Debug\main.o:
start 0000811e end 00009c7f length  7009 section .text
start 00000100 end 00000108 length     8 section .data
start 00000108 end 0000035f length   599 section .bss
start 00000000 end 0000001b length    27 section .bsct
start 0000001b end 000000ec length   209 section .ubsct
start 00000000 end 00003327 length 13095 section .debug
start 0000002f end 0000009d length   110 section .info.
start 0000f6:0 end 0000f7:2 length    10 section .bit
start 00008080 end 0000809c length    28 section .const
start 00004000 end 0000402e length    46 section .eeprom

(C:\Program Files\COSMIC\CXSTM8_32K\Lib\libis0.sm8)abs0.o:
start 00009c7f end 00009c84 length     5 section .text
start 0000009d end 000000c8 length    43 section .info.

(C:\Program Files\COSMIC\CXSTM8_32K\Lib\libm0.sm8)eeprom.o:
start 00009c84 end 00009cea length   102 section .text
start 000000c8 end 000000f8 length    48 section .info.

(C:\Program Files\COSMIC\CXSTM8_32K\Lib\libm0.sm8)idiv.o:
start 00009cea end 00009d08 length    30 section .text
start 000000f8 end 00000126 length    46 section .info.

(C:\Program Files\COSMIC\CXSTM8_32K\Lib\libm0.sm8)imul.o:
start 00009d08 end 00009d29 length    33 section .text
start 00000126 end 00000154 length    46 section .info.

(C:\Program Files\COSMIC\CXSTM8_32K\Lib\libm0.sm8)itolx.o:
start 00009d29 end 00009d37 length    14 section .text
start 00000154 end 00000183 length    47 section .info.

(C:\Program Files\COSMIC\CXSTM8_32K\Lib\libm0.sm8)ladd.o:
start 00009d37 end 00009d4f length    24 section .text
start 00000183 end 000001b1 length    46 section .info.

(C:\Program Files\COSMIC\CXSTM8_32K\Lib\libm0.sm8)lcmp.o:
start 00009d4f end 00009d6f length    32 section .text
start 000001b1 end 000001df length    46 section .info.

(C:\Program Files\COSMIC\CXSTM8_32K\Lib\libm0.sm8)lsdiv.o:
start 00009d6f end 00009d8e length    31 section .text
start 000001df end 0000020e length    47 section .info.

(C:\Program Files\COSMIC\CXSTM8_32K\Lib\libm0.sm8)ldiv.o:
start 00009d8e end 00009e79 length   235 section .text
start 0000020e end 0000023c length    46 section .info.

(C:\Program Files\COSMIC\CXSTM8_32K\Lib\libm0.sm8)lgadc.o:
start 00009e79 end 00009e89 length    16 section .text
start 0000023c end 0000026b length    47 section .info.

(C:\Program Files\COSMIC\CXSTM8_32K\Lib\libm0.sm8)lgadd.o:
start 00009e89 end 00009ea0 length    23 section .text
start 0000026b end 0000029a length    47 section .info.

(C:\Program Files\COSMIC\CXSTM8_32K\Lib\libm0.sm8)lgmul.o:
start 00009ea0 end 00009ea8 length     8 section .text
start 0000029a end 000002c9 length    47 section .info.

(C:\Program Files\COSMIC\CXSTM8_32K\Lib\libm0.sm8)lgneg.o:
start 00009ea8 end 00009ebb length    19 section .text
start 000002c9 end 000002f8 length    47 section .info.

(C:\Program Files\COSMIC\CXSTM8_32K\Lib\libm0.sm8)lgrsh.o:
start 00009ebb end 00009ec9 length    14 section .text
start 000002f8 end 00000327 length    47 section .info.

(C:\Program Files\COSMIC\CXSTM8_32K\Lib\libm0.sm8)lgsub.o:
start 00009ec9 end 00009ee0 length    23 section .text
start 00000327 end 00000356 length    47 section .info.

(C:\Program Files\COSMIC\CXSTM8_32K\Lib\libm0.sm8)lmul.o:
start 00009ee0 end 00009f6b length   139 section .text
start 00000356 end 00000384 length    46 section .info.

(C:\Program Files\COSMIC\CXSTM8_32K\Lib\libm0.sm8)lneg.o:
start 00009f6b end 00009f80 length    21 section .text
start 00000384 end 000003b2 length    46 section .info.

(C:\Program Files\COSMIC\CXSTM8_32K\Lib\libm0.sm8)lreg.o:
start 000000ec end 000000f0 length     4 section .ubsct
start 000003b2 end 000003e0 length    46 section .info.

(C:\Program Files\COSMIC\CXSTM8_32K\Lib\libm0.sm8)lrsh.o:
start 00009f80 end 00009f8f length    15 section .text
start 000003e0 end 0000040e length    46 section .info.

(C:\Program Files\COSMIC\CXSTM8_32K\Lib\libm0.sm8)lsbc.o:
start 00009f8f end 00009fa6 length    23 section .text
start 0000040e end 0000043c length    46 section .info.

(C:\Program Files\COSMIC\CXSTM8_32K\Lib\libm0.sm8)ltor.o:
start 00009fa6 end 00009fb8 length    18 section .text
start 0000043c end 0000046a length    46 section .info.

(C:\Program Files\COSMIC\CXSTM8_32K\Lib\libm0.sm8)rtol.o:
start 00009fb8 end 00009fca length    18 section .text
start 0000046a end 00000498 length    46 section .info.

(C:\Program Files\COSMIC\CXSTM8_32K\Lib\libm0.sm8)utolx.o:
start 00009fca end 00009fd1 length     7 section .text
start 00000498 end 000004c7 length    47 section .info.

(C:\Program Files\COSMIC\CXSTM8_32K\Lib\libm0.sm8)umul.o:
start 00009fd1 end 0000a00d length    60 section .text
start 000004c7 end 000004f5 length    46 section .info.

(C:\Program Files\COSMIC\CXSTM8_32K\Lib\libm0.sm8)vmul.o:
start 0000a00d end 0000a025 length    24 section .text
start 000004f5 end 00000523 length    46 section .info.

(C:\Program Files\COSMIC\CXSTM8_32K\Lib\libm0.sm8)xreg.o:
start 000000f0 end 000000f3 length     3 section .ubsct
start 00000523 end 00000551 length    46 section .info.

(C:\Program Files\COSMIC\CXSTM8_32K\Lib\libm0.sm8)yreg.o:
start 000000f3 end 000000f6 length     3 section .ubsct
start 00000551 end 0000057f length    46 section .info.

Debug\stm8_interrupt_vector.o:
start 0000a025 end 0000a026 length     1 section .text
start 00003327 end 00003492 length   363 section .debug
start 0000057f end 000005fe length   127 section .info.
start 00008000 end 00008080 length   128 section .const


                             -----------
                             Stack usage
                             -----------

Debug\main.o:
_JP_drv                     2   (2)
_adc2_init                  2   (2)
_adr_drv_v3                 3   (3)
_adr_drv_v4            >    2   (2)
_apv_hndl                   4   (2)
_apv_start                  2   (2)
_apv_stop                   2   (2)
_can_in_an                 28   (9)
_can_transmit              12   (12)
_can_tx_hndl                2   (2)
_delay_ms                  19   (14)
_flags_drv                  4   (2)
_gran                       8   (8)
_granee                    12   (8)
_init_CAN                   2   (2)
_led_drv                    2   (2)
_led_hndl                   2   (2)
_link_drv                   4   (2)
_main                  >   32   (2)
_matemat                   24   (10)
_pwr_drv                   10   (2)
_pwr_hndl                  21   (7)
_t1_init                    2   (2)
_t4_init                    2   (2)
_temper_drv                10   (2)
_u_drv                     10   (2)
_vent_drv                  30   (16)
_vent_resurs_hndl           5   (3)
f_ADC2_EOC_Interrupt   >   29   (26)
f_CAN_RX_Interrupt     >    5   (5)
f_CAN_TX_Interrupt     >    5   (5)
f_TIM4_UPD_Interrupt   >    5   (5)

Debug\stm8_interrupt_vector.o:
f_NonHandledInterrupt  >    5   (5)

C:\Program Files\COSMIC\CXSTM8_32K\Lib\libis0.sm8:
_abs                        2   (2)

Stack size: 61


                              ---------
                              Call tree
                              ---------
   1 > __stext: (0)

   2 > _adr_drv_v4: (2)

   3 > _main: (2)
   4      + _JP_drv: (2)
   5      + _adc2_init: (2)
   6      + _adr_drv_v3: (3)
   7      + _apv_hndl: (2)
   8      |    + _apv_start: (2)
   9      |    + _apv_stop: (2)
          | 
  10      + _can_in_an: (9)
  11      |    + _can_transmit: (12)
  12      |    + _delay_ms: (14)
  13      |    + _gran: (8)
  14      |    + _granee: (8)
          | 
  15      + _can_tx_hndl: (2)
  16      + _delay_ms --> 12
  17      + _flags_drv: (2)
  18      |    + _apv_start --> 8
          | 
  19      + _init_CAN: (2)
  20      + _led_drv: (2)
  21      + _led_hndl: (2)
  22      + _link_drv: (2)
  23      + _matemat: (10)
  24      + _pwr_drv: (2)
  25      |    + _gran --> 13
          | 
  26      + _pwr_hndl: (7)
  27      |    + _abs: (2)
          | 
  28      + _t1_init: (2)
  29      + _t4_init: (2)
  30      + _temper_drv: (2)
  31      |    + _gran --> 13
          | 
  32      + _u_drv: (2)
  33      |    + _gran --> 13
          | 
  34      + _vent_drv: (16)
  35      |    + _gran --> 13
          | 
  36      + _vent_resurs_hndl: (3)
       
  37 > f_ADC2_EOC_Interrupt: (26)

  38 > f_CAN_RX_Interrupt: (5)

  39 > f_CAN_TX_Interrupt: (5)

  40 > f_NonHandledInterrupt: (5)

  41 > f_TIM4_UPD_Interrupt: (5)

  42   _JP_drv --> 4

  43   _abs --> 27

  44   _adc2_init --> 5

  45   _adr_drv_v3 --> 6

  46   _apv_hndl --> 7

  47   _apv_start --> 8

  48   _apv_stop --> 9

  49   _can_in_an --> 10

  50   _can_transmit --> 11

  51   _can_tx_hndl --> 15

  52   _delay_ms --> 12

  53   _flags_drv --> 17

  54   _gran --> 13

  55   _granee --> 14

  56   _init_CAN --> 19

  57   _led_drv --> 20

  58   _led_hndl --> 21

  59   _link_drv --> 22

  60   _matemat --> 23

  61   _pwr_drv --> 24

  62   _pwr_hndl --> 26

  63   _t1_init --> 28

  64   _t4_init --> 29

  65   _temper_drv --> 30

  66   _u_drv --> 32

  67   _vent_drv --> 34

  68   _vent_resurs_hndl --> 36



                               -------
                               Symbols
                               -------

_ADC_AWCRH              0000540e   defined in Debug\main.o
_ADC_AWCRL              0000540f   defined in Debug\main.o
_ADC_AWSRH              0000540c   defined in Debug\main.o
_ADC_AWSRL              0000540d   defined in Debug\main.o
_ADC_CR1                00005401   defined in Debug\main.o
_ADC_CR2                00005402   defined in Debug\main.o
_ADC_CR3                00005403   defined in Debug\main.o
_ADC_CSR                00005400   defined in Debug\main.o
_ADC_DBR                000053e0   defined in Debug\main.o
_ADC_DRH                00005404   defined in Debug\main.o
_ADC_DRL                00005405   defined in Debug\main.o
_ADC_HTRH               00005408   defined in Debug\main.o
_ADC_HTRL               00005409   defined in Debug\main.o
_ADC_LTRH               0000540a   defined in Debug\main.o
_ADC_LTRL               0000540b   defined in Debug\main.o
_ADC_TDRH               00005406   defined in Debug\main.o
_ADC_TDRL               00005407   defined in Debug\main.o
_AWU_APR                000050f1   defined in Debug\main.o
_AWU_CSR1               000050f0   defined in Debug\main.o
_AWU_TBR                000050f2   defined in Debug\main.o
_BEEP_CSR               000050f3   defined in Debug\main.o
_CFG_GCR                00007f60   defined in Debug\main.o
_CLK_CANCCR             000050cb   defined in Debug\main.o
_CLK_CCOR               000050c9   defined in Debug\main.o
_CLK_CKDIVR             000050c6   defined in Debug\main.o
_CLK_CMSR               000050c3   defined in Debug\main.o
_CLK_CSSR               000050c8   defined in Debug\main.o
_CLK_ECKCR              000050c1   defined in Debug\main.o
_CLK_HSITRIMR           000050cc   defined in Debug\main.o
_CLK_ICKCR              000050c0   defined in Debug\main.o
_CLK_PCKENR1            000050c7   defined in Debug\main.o
_CLK_PCKENR2            000050ca   defined in Debug\main.o
_CLK_SWCR               000050c5   defined in Debug\main.o
_CLK_SWIMCCR            000050cd   defined in Debug\main.o
_CLK_SWR                000050c4   defined in Debug\main.o
_DM_BK1RE               00007f90   defined in Debug\main.o
_DM_BK1RH               00007f91   defined in Debug\main.o
_DM_BK1RL               00007f92   defined in Debug\main.o
_DM_BK2RE               00007f93   defined in Debug\main.o
_DM_BK2RH               00007f94   defined in Debug\main.o
_DM_BK2RL               00007f95   defined in Debug\main.o
_DM_CR1                 00007f96   defined in Debug\main.o
_DM_CR2                 00007f97   defined in Debug\main.o
_DM_CSR1                00007f98   defined in Debug\main.o
_DM_CSR2                00007f99   defined in Debug\main.o
_DM_ENFCTR              00007f9a   defined in Debug\main.o
_EXTI_CR1               000050a0   defined in Debug\main.o
_EXTI_CR2               000050a1   defined in Debug\main.o
_FLASH_CR1              0000505a   defined in Debug\main.o
_FLASH_CR2              0000505b   defined in Debug\main.o
                                   used in (C:\Program Files\COSMIC\CXSTM8_32K\Lib\libm0.sm8)eeprom.o
_FLASH_DUKR             00005064   defined in Debug\main.o
_FLASH_FPR              0000505d   defined in Debug\main.o
_FLASH_IAPSR            0000505f   defined in Debug\main.o
                                   used in (C:\Program Files\COSMIC\CXSTM8_32K\Lib\libm0.sm8)eeprom.o
_FLASH_NCR2             0000505c   defined in Debug\main.o
                                   used in (C:\Program Files\COSMIC\CXSTM8_32K\Lib\libm0.sm8)eeprom.o
_FLASH_NFPR             0000505e   defined in Debug\main.o
_FLASH_PUKR             00005062   defined in Debug\main.o
_I                      00000118   defined in Debug\main.o section .bss
_I2C_CCRH               0000521c   defined in Debug\main.o
_I2C_CCRL               0000521b   defined in Debug\main.o
_I2C_CR1                00005210   defined in Debug\main.o
_I2C_CR2                00005211   defined in Debug\main.o
_I2C_DR                 00005216   defined in Debug\main.o
_I2C_FREQR              00005212   defined in Debug\main.o
_I2C_ITR                0000521a   defined in Debug\main.o
_I2C_OARH               00005214   defined in Debug\main.o
_I2C_OARL               00005213   defined in Debug\main.o
_I2C_PECR               0000521e   defined in Debug\main.o
_I2C_SR1                00005217   defined in Debug\main.o
_I2C_SR2                00005218   defined in Debug\main.o
_I2C_SR3                00005219   defined in Debug\main.o
_I2C_TRISER             0000521d   defined in Debug\main.o
_ITC_SPR1               00007f70   defined in Debug\main.o
_ITC_SPR2               00007f71   defined in Debug\main.o
_ITC_SPR3               00007f72   defined in Debug\main.o
_ITC_SPR4               00007f73   defined in Debug\main.o
_ITC_SPR5               00007f74   defined in Debug\main.o
_ITC_SPR6               00007f75   defined in Debug\main.o
_ITC_SPR7               00007f76   defined in Debug\main.o
_ITC_SPR8               00007f77   defined in Debug\main.o
_IWDG_KR                000050e0   defined in Debug\main.o
_IWDG_PR                000050e1   defined in Debug\main.o
_IWDG_RLR               000050e2   defined in Debug\main.o
_JP_drv                 0000856f   defined in Debug\main.o section .text
_PA_CR1                 00005003   defined in Debug\main.o
_PA_CR2                 00005004   defined in Debug\main.o
_PA_DDR                 00005002   defined in Debug\main.o
_PA_IDR                 00005001   defined in Debug\main.o
_PA_ODR                 00005000   defined in Debug\main.o
_PB_CR1                 00005008   defined in Debug\main.o
_PB_CR2                 00005009   defined in Debug\main.o
_PB_DDR                 00005007   defined in Debug\main.o
_PB_IDR                 00005006   defined in Debug\main.o
_PB_ODR                 00005005   defined in Debug\main.o
_PC_CR1                 0000500d   defined in Debug\main.o
_PC_CR2                 0000500e   defined in Debug\main.o
_PC_DDR                 0000500c   defined in Debug\main.o
_PC_IDR                 0000500b   defined in Debug\main.o
_PC_ODR                 0000500a   defined in Debug\main.o
_PD_CR1                 00005012   defined in Debug\main.o
_PD_CR2                 00005013   defined in Debug\main.o
_PD_DDR                 00005011   defined in Debug\main.o
_PD_IDR                 00005010   defined in Debug\main.o
_PD_ODR                 0000500f   defined in Debug\main.o
_PE_CR1                 00005017   defined in Debug\main.o
_PE_CR2                 00005018   defined in Debug\main.o
_PE_DDR                 00005016   defined in Debug\main.o
_PE_IDR                 00005015   defined in Debug\main.o
_PE_ODR                 00005014   defined in Debug\main.o
_PF_CR1                 0000501c   defined in Debug\main.o
_PF_CR2                 0000501d   defined in Debug\main.o
_PF_DDR                 0000501b   defined in Debug\main.o
_PF_IDR                 0000501a   defined in Debug\main.o
_PF_ODR                 00005019   defined in Debug\main.o
_RST_SR                 000050b3   defined in Debug\main.o
_SPI_CR1                00005200   defined in Debug\main.o
_SPI_CR2                00005201   defined in Debug\main.o
_SPI_CRCPR              00005205   defined in Debug\main.o
_SPI_DR                 00005204   defined in Debug\main.o
_SPI_ICR                00005202   defined in Debug\main.o
_SPI_RXCRCR             00005206   defined in Debug\main.o
_SPI_SR                 00005203   defined in Debug\main.o
_SPI_TXCRCR             00005207   defined in Debug\main.o
_SWIM_CSR               00007f80   defined in Debug\main.o
_T                      00000089   defined in Debug\main.o section .ubsct
_TIM1_ARRH              00005262   defined in Debug\main.o
_TIM1_ARRL              00005263   defined in Debug\main.o
_TIM1_BKR               0000526d   defined in Debug\main.o
_TIM1_CCER1             0000525c   defined in Debug\main.o
_TIM1_CCER2             0000525d   defined in Debug\main.o
_TIM1_CCMR1             00005258   defined in Debug\main.o
_TIM1_CCMR2             00005259   defined in Debug\main.o
_TIM1_CCMR3             0000525a   defined in Debug\main.o
_TIM1_CCMR4             0000525b   defined in Debug\main.o
_TIM1_CCR1H             00005265   defined in Debug\main.o
_TIM1_CCR1L             00005266   defined in Debug\main.o
_TIM1_CCR2H             00005267   defined in Debug\main.o
_TIM1_CCR2L             00005268   defined in Debug\main.o
_TIM1_CCR3H             00005269   defined in Debug\main.o
_TIM1_CCR3L             0000526a   defined in Debug\main.o
_TIM1_CCR4H             0000526b   defined in Debug\main.o
_TIM1_CCR4L             0000526c   defined in Debug\main.o
_TIM1_CNTRH             0000525e   defined in Debug\main.o
_TIM1_CNTRL             0000525f   defined in Debug\main.o
_TIM1_CR1               00005250   defined in Debug\main.o
_TIM1_CR2               00005251   defined in Debug\main.o
_TIM1_DTR               0000526e   defined in Debug\main.o
_TIM1_EGR               00005257   defined in Debug\main.o
_TIM1_ETR               00005253   defined in Debug\main.o
_TIM1_IER               00005254   defined in Debug\main.o
_TIM1_OISR              0000526f   defined in Debug\main.o
_TIM1_PSCRH             00005260   defined in Debug\main.o
_TIM1_PSCRL             00005261   defined in Debug\main.o
_TIM1_RCR               00005264   defined in Debug\main.o
_TIM1_SMCR              00005252   defined in Debug\main.o
_TIM1_SR1               00005255   defined in Debug\main.o
_TIM1_SR2               00005256   defined in Debug\main.o
_TIM2_ARRH              0000530f   defined in Debug\main.o
_TIM2_ARRL              00005310   defined in Debug\main.o
_TIM2_CCER1             0000530a   defined in Debug\main.o
_TIM2_CCER2             0000530b   defined in Debug\main.o
_TIM2_CCMR1             00005307   defined in Debug\main.o
_TIM2_CCMR2             00005308   defined in Debug\main.o
_TIM2_CCMR3             00005309   defined in Debug\main.o
_TIM2_CCR1H             00005311   defined in Debug\main.o
_TIM2_CCR1L             00005312   defined in Debug\main.o
_TIM2_CCR2H             00005313   defined in Debug\main.o
_TIM2_CCR2L             00005314   defined in Debug\main.o
_TIM2_CCR3H             00005315   defined in Debug\main.o
_TIM2_CCR3L             00005316   defined in Debug\main.o
_TIM2_CNTRH             0000530c   defined in Debug\main.o
_TIM2_CNTRL             0000530d   defined in Debug\main.o
_TIM2_CR1               00005300   defined in Debug\main.o
_TIM2_EGR               00005306   defined in Debug\main.o
_TIM2_IER               00005303   defined in Debug\main.o
_TIM2_PSCR              0000530e   defined in Debug\main.o
_TIM2_SR1               00005304   defined in Debug\main.o
_TIM2_SR2               00005305   defined in Debug\main.o
_TIM4_ARR               00005348   defined in Debug\main.o
_TIM4_CNTR              00005346   defined in Debug\main.o
_TIM4_CR1               00005340   defined in Debug\main.o
_TIM4_EGR               00005345   defined in Debug\main.o
_TIM4_IER               00005343   defined in Debug\main.o
_TIM4_PSCR              00005347   defined in Debug\main.o
_TIM4_SR                00005344   defined in Debug\main.o
_UART1_BRR1             00005232   defined in Debug\main.o
_UART1_BRR2             00005233   defined in Debug\main.o
_UART1_CR1              00005234   defined in Debug\main.o
_UART1_CR2              00005235   defined in Debug\main.o
_UART1_CR3              00005236   defined in Debug\main.o
_UART1_CR4              00005237   defined in Debug\main.o
_UART1_CR5              00005238   defined in Debug\main.o
_UART1_DR               00005231   defined in Debug\main.o
_UART1_GTR              00005239   defined in Debug\main.o
_UART1_PSCR             0000523a   defined in Debug\main.o
_UART1_SR               00005230   defined in Debug\main.o
_UU_AVT                 00004008   defined in Debug\main.o section .eeprom
_U_out_const            00000110   defined in Debug\main.o section .bss
_Ui                     00000114   defined in Debug\main.o section .bss
_Uin                    0000010c   defined in Debug\main.o section .bss
_Un                     00000116   defined in Debug\main.o section .bss
_Unecc                  00000112   defined in Debug\main.o section .bss
_Usum                   0000010e   defined in Debug\main.o section .bss
_WWDG_CR                000050d1   defined in Debug\main.o
_WWDG_WR                000050d2   defined in Debug\main.o
__endmem                000013ff   defined in command file
                                   *** not used ***
__endzp                 000000f6   defined in command file section .ubsct
                                   used in C:\Program Files\COSMIC\CXSTM8_32K\Lib\crtsi0.sm8
__idesc__               0000809c   defined in linker section .init
                                   used in C:\Program Files\COSMIC\CXSTM8_32K\Lib\crtsi0.sm8
__memory                0000035f   defined in command file section .bss
                                   used in C:\Program Files\COSMIC\CXSTM8_32K\Lib\crtsi0.sm8
__stack                 000017ff   defined in command file
                                   used in C:\Program Files\COSMIC\CXSTM8_32K\Lib\crtsi0.sm8
__startmem              0000035f   defined in command file section .bss
                                   *** not used ***
__stext                 000080d3   defined in C:\Program Files\COSMIC\CXSTM8_32K\Lib\crtsi0.sm8 section .text
                                   used in Debug\stm8_interrupt_vector.o
__vectab                00008000   defined in Debug\stm8_interrupt_vector.o section .const
__x_                    0000007f   defined in Debug\main.o section .ubsct
__x__                   0000007d   defined in Debug\main.o section .ubsct
__x_cnt                 0000007b   defined in Debug\main.o section .ubsct
__x_ee_                 00004018   defined in Debug\main.o section .eeprom
_abs                    00009c7f   defined in (C:\Program Files\COSMIC\CXSTM8_32K\Lib\libis0.sm8)abs0.o section .text
                                   used in Debug\main.o
_adc2_init              0000987a   defined in Debug\main.o section .text
_adc_buff               0000021b   defined in Debug\main.o section .bss
_adc_buff_              00000207   defined in Debug\main.o section .bss
_adc_buff_1             00000203   defined in Debug\main.o section .bss
_adc_buff_5             00000205   defined in Debug\main.o section .bss
_adc_buff_buff          0000015e   defined in Debug\main.o section .bss
_adc_ch                 000000dd   defined in Debug\main.o section .ubsct
_adc_cnt                000000dc   defined in Debug\main.o section .ubsct
_adc_cnt_cnt            000000ce   defined in Debug\main.o section .ubsct
_adc_plazma             000000d0   defined in Debug\main.o section .ubsct
_adc_plazma_short       000000da   defined in Debug\main.o section .ubsct
_adr                    00000200   defined in Debug\main.o section .bss
_adr_drv_stat           00000002   defined in Debug\main.o section .bsct, initialized
_adr_drv_v3             00008e32   defined in Debug\main.o section .text
_adr_drv_v4             00008e29   defined in Debug\main.o section .text
_adress                 000001ff   defined in Debug\main.o section .bss
_adress_error           000001fe   defined in Debug\main.o section .bss
_apv_cnt                00000066   defined in Debug\main.o section .ubsct
_apv_cnt_               00000064   defined in Debug\main.o section .ubsct
_apv_hndl               00008d48   defined in Debug\main.o section .text
_apv_start              00008d11   defined in Debug\main.o section .text
_apv_stop               00008d3a   defined in Debug\main.o section .text
_b1000Hz                0000f6:4   defined in Debug\main.o section .bit, initialized
_b100Hz                 0000f7:1   defined in Debug\main.o section .bit, initialized
_b10Hz                  0000f7:0   defined in Debug\main.o section .bit, initialized
_b1Hz                   0000f6:5   defined in Debug\main.o section .bit, initialized
_b2Hz                   0000f6:6   defined in Debug\main.o section .bit, initialized
_b5Hz                   0000f6:7   defined in Debug\main.o section .bit, initialized
_bAPV                   0000f6:2   defined in Debug\main.o section .bit, initialized
_bBL                    0000f6:3   defined in Debug\main.o section .bit, initialized
_bBL_IPS                0000f6:0   defined in Debug\main.o section .bit, initialized
_bCAN_RX                00000004   defined in Debug\main.o section .bsct, initialized
_bMAIN                  0000f6:1   defined in Debug\main.o section .bit, initialized
_bRES                   0000000c   defined in Debug\main.o section .bsct, initialized
_bRES_                  0000000d   defined in Debug\main.o section .bsct, initialized
_bTX_FREE               00000003   defined in Debug\main.o section .bsct, initialized
_bVENT_BLOCK            00000000   defined in Debug\main.o section .bsct, initialized
_bps_class              00000026   defined in Debug\main.o section .ubsct
_can_buff_rd_ptr        0000008c   defined in Debug\main.o section .ubsct
_can_buff_wr_ptr        0000008d   defined in Debug\main.o section .ubsct
_can_error_cnt          0000008a   defined in Debug\main.o section .ubsct
_can_in_an              0000917f   defined in Debug\main.o section .text
_can_out_buff           0000008e   defined in Debug\main.o section .ubsct
_can_transmit           00009091   defined in Debug\main.o section .text
_can_tx_hndl            00009115   defined in Debug\main.o section .text
_cnt_JP0                0000006a   defined in Debug\main.o section .ubsct
_cnt_JP1                00000069   defined in Debug\main.o section .ubsct
_cnt_apv_off            00000063   defined in Debug\main.o section .ubsct
_cnt_net_drv            00000053   defined in Debug\main.o section .ubsct
_debug_info_to_uku      0000001c   defined in Debug\main.o section .ubsct
_delay_ms               0000823f   defined in Debug\main.o section .text
_ee_AVT_MODE            00004006   defined in Debug\main.o section .eeprom
_ee_DEVICE              00004004   defined in Debug\main.o section .eeprom
_ee_IMAXVENT            00004002   defined in Debug\main.o section .eeprom
_ee_K                   0000401a   defined in Debug\main.o section .eeprom
_ee_TZAS                00004016   defined in Debug\main.o section .eeprom
_ee_UAVT                0000400c   defined in Debug\main.o section .eeprom
_ee_Umax                00004014   defined in Debug\main.o section .eeprom
_ee_dU                  00004012   defined in Debug\main.o section .eeprom
_ee_tmax                00004010   defined in Debug\main.o section .eeprom
_ee_tsign               0000400e   defined in Debug\main.o section .eeprom
_exit                   0000811c   defined in C:\Program Files\COSMIC\CXSTM8_32K\Lib\crtsi0.sm8 section .text
_flags                  00000005   defined in Debug\main.o section .bsct, initialized
_flags_drv              00008de7   defined in Debug\main.o section .text
_flags_tu               00000081   defined in Debug\main.o section .ubsct
_flags_tu_cnt_off       00000075   defined in Debug\main.o section .ubsct
_flags_tu_cnt_on        00000076   defined in Debug\main.o section .ubsct
_gran                   000081f3   defined in Debug\main.o section .text
_granee                 00008214   defined in Debug\main.o section .text
_i_main                 0000003b   defined in Debug\main.o section .ubsct
_i_main_avg             00000033   defined in Debug\main.o section .ubsct
_i_main_bps_cnt         0000002a   defined in Debug\main.o section .ubsct
_i_main_flag            00000035   defined in Debug\main.o section .ubsct
_i_main_num_of_bps      00000032   defined in Debug\main.o section .ubsct
_i_main_sigma           00000030   defined in Debug\main.o section .ubsct
_init_CAN               00009022   defined in Debug\main.o section .text
_jp_mode                0000006b   defined in Debug\main.o section .ubsct
_led_drv                0000850c   defined in Debug\main.o section .text
_led_drv_cnt            00000016   defined in Debug\main.o section .bsct, initialized
_led_green              00000012   defined in Debug\main.o section .bsct, initialized
_led_green_buff         0000005a   defined in Debug\main.o section .ubsct
_led_hndl               00008281   defined in Debug\main.o section .text
_led_ind                00000001   defined in Debug\main.o section .bsct, initialized
_led_ind_cnt            000000cf   defined in Debug\main.o section .ubsct
_led_red                0000000e   defined in Debug\main.o section .bsct, initialized
_led_red_buff           0000005e   defined in Debug\main.o section .ubsct
_link                   00000084   defined in Debug\main.o section .ubsct
_link_cnt               00000082   defined in Debug\main.o section .ubsct
_link_drv               000085fa   defined in Debug\main.o section .text
_main                   00009b32   defined in Debug\main.o section .text
                                   used in C:\Program Files\COSMIC\CXSTM8_32K\Lib\crtsi0.sm8
_main_cnt               0000035d   defined in Debug\main.o section .bss
_main_cnt1              00000072   defined in Debug\main.o section .ubsct
_main_cnt10             0000035b   defined in Debug\main.o section .bss
_matemat                00008963   defined in Debug\main.o section .text
_mess                   000000de   defined in Debug\main.o section .ubsct
_off_bp_cnt             00000074   defined in Debug\main.o section .ubsct
_plazma_int             00000054   defined in Debug\main.o section .ubsct
_pwm_i                  0000000a   defined in Debug\main.o section .bsct, initialized
_pwm_u                  00000008   defined in Debug\main.o section .bsct, initialized
_pwm_u_                 0000006c   defined in Debug\main.o section .ubsct
_pwm_u_buff             0000011e   defined in Debug\main.o section .bss
_pwm_u_buff_            0000011c   defined in Debug\main.o section .bss
_pwm_u_buff_cnt         0000011a   defined in Debug\main.o section .bss
_pwm_u_buff_ptr         0000011b   defined in Debug\main.o section .bss
_pwm_u_cnt              00000022   defined in Debug\main.o section .ubsct
_pwm_vent_cnt           00000029   defined in Debug\main.o section .ubsct
_pwr_drv                000087a6   defined in Debug\main.o section .text
_pwr_hndl               000087eb   defined in Debug\main.o section .text
_res_fl                 0000400b   defined in Debug\main.o section .eeprom
_res_fl_                0000400a   defined in Debug\main.o section .eeprom
_res_fl_cnt             00000062   defined in Debug\main.o section .ubsct
_rotor_int              00000017   defined in Debug\main.o section .bsct, initialized
_t0_cnt0                00000102   defined in Debug\main.o section .data, initialized
_t0_cnt00               00000100   defined in Debug\main.o section .data, initialized
_t0_cnt1                00000104   defined in Debug\main.o section .data, initialized
_t0_cnt2                00000105   defined in Debug\main.o section .data, initialized
_t0_cnt3                00000106   defined in Debug\main.o section .data, initialized
_t0_cnt4                00000107   defined in Debug\main.o section .data, initialized
_t1_init                0000983d   defined in Debug\main.o section .text
_t4_init                0000982c   defined in Debug\main.o section .text
_temper_drv             00008b54   defined in Debug\main.o section .text
_tmax_cnt               0000006e   defined in Debug\main.o section .ubsct
_tsign_cnt              00000070   defined in Debug\main.o section .ubsct
_tx_busy_cnt            0000008b   defined in Debug\main.o section .ubsct
_u_drv                  00008c2b   defined in Debug\main.o section .text
_umax_cnt               00000087   defined in Debug\main.o section .ubsct
_umin_cnt               00000085   defined in Debug\main.o section .ubsct
_vent_drv               00008652   defined in Debug\main.o section .text
_vent_pwm               00000027   defined in Debug\main.o section .ubsct
_vent_resurs            00004000   defined in Debug\main.o section .eeprom
_vent_resurs_buff       00000108   defined in Debug\main.o section .bss
_vent_resurs_hndl       0000811e   defined in Debug\main.o section .text
_vent_resurs_sec_cnt    00000024   defined in Debug\main.o section .ubsct
_vent_resurs_tx_cnt     00000023   defined in Debug\main.o section .ubsct
_vol_i_temp             00000077   defined in Debug\main.o section .ubsct
_vol_i_temp_avar        00000006   defined in Debug\main.o section .bsct, initialized
_vol_u_temp             00000079   defined in Debug\main.o section .ubsct
_volum_u_main_          00000019   defined in Debug\main.o section .bsct, initialized
_x                      00000047   defined in Debug\main.o section .ubsct
c_divsl                 00009d8e   defined in (C:\Program Files\COSMIC\CXSTM8_32K\Lib\libm0.sm8)ldiv.o section .text
                                   used in (C:\Program Files\COSMIC\CXSTM8_32K\Lib\libm0.sm8)lsdiv.o
c_divul                 00009da5   defined in (C:\Program Files\COSMIC\CXSTM8_32K\Lib\libm0.sm8)ldiv.o section .text
c_eewrc                 00009c9a   defined in (C:\Program Files\COSMIC\CXSTM8_32K\Lib\libm0.sm8)eeprom.o section .text
                                   used in Debug\main.o
c_eewrd                 00009ccd   defined in (C:\Program Files\COSMIC\CXSTM8_32K\Lib\libm0.sm8)eeprom.o section .text
                                   *** not used ***
c_eewrw                 00009c84   defined in (C:\Program Files\COSMIC\CXSTM8_32K\Lib\libm0.sm8)eeprom.o section .text
                                   used in Debug\main.o
c_idiv                  00009cea   defined in (C:\Program Files\COSMIC\CXSTM8_32K\Lib\libm0.sm8)idiv.o section .text
                                   used in Debug\main.o
c_imul                  00009d08   defined in (C:\Program Files\COSMIC\CXSTM8_32K\Lib\libm0.sm8)imul.o section .text
                                   used in Debug\main.o
c_itolx                 00009d29   defined in (C:\Program Files\COSMIC\CXSTM8_32K\Lib\libm0.sm8)itolx.o section .text
                                   used in Debug\main.o
c_ladd                  00009d37   defined in (C:\Program Files\COSMIC\CXSTM8_32K\Lib\libm0.sm8)ladd.o section .text
                                   used in Debug\main.o
c_lcmp                  00009d4f   defined in (C:\Program Files\COSMIC\CXSTM8_32K\Lib\libm0.sm8)lcmp.o section .text
                                   used in Debug\main.o
c_ldiv                  00009d6f   defined in (C:\Program Files\COSMIC\CXSTM8_32K\Lib\libm0.sm8)lsdiv.o section .text
                                   used in Debug\main.o
c_lgadc                 00009e79   defined in (C:\Program Files\COSMIC\CXSTM8_32K\Lib\libm0.sm8)lgadc.o section .text
                                   used in Debug\main.o
c_lgadd                 00009e89   defined in (C:\Program Files\COSMIC\CXSTM8_32K\Lib\libm0.sm8)lgadd.o section .text
                                   used in Debug\main.o
c_lgmul                 00009ea0   defined in (C:\Program Files\COSMIC\CXSTM8_32K\Lib\libm0.sm8)lgmul.o section .text
                                   used in Debug\main.o
c_lgneg                 00009ea8   defined in (C:\Program Files\COSMIC\CXSTM8_32K\Lib\libm0.sm8)lgneg.o section .text
                                   used in (C:\Program Files\COSMIC\CXSTM8_32K\Lib\libm0.sm8)ldiv.o
c_lgrsh                 00009ebb   defined in (C:\Program Files\COSMIC\CXSTM8_32K\Lib\libm0.sm8)lgrsh.o section .text
                                   used in Debug\main.o
c_lgsub                 00009ec9   defined in (C:\Program Files\COSMIC\CXSTM8_32K\Lib\libm0.sm8)lgsub.o section .text
                                   used in Debug\main.o
c_lmul                  00009ee0   defined in (C:\Program Files\COSMIC\CXSTM8_32K\Lib\libm0.sm8)lmul.o section .text
                                   used in (C:\Program Files\COSMIC\CXSTM8_32K\Lib\libm0.sm8)lgmul.o
c_lmulc                 00009ee8   defined in (C:\Program Files\COSMIC\CXSTM8_32K\Lib\libm0.sm8)lmul.o section .text
                                   *** not used ***
c_lneg                  00009f6b   defined in (C:\Program Files\COSMIC\CXSTM8_32K\Lib\libm0.sm8)lneg.o section .text
                                   used in (C:\Program Files\COSMIC\CXSTM8_32K\Lib\libm0.sm8)lsdiv.o
                                           (C:\Program Files\COSMIC\CXSTM8_32K\Lib\libm0.sm8)ldiv.o
c_lreg                  000000ec   defined in (C:\Program Files\COSMIC\CXSTM8_32K\Lib\libm0.sm8)lreg.o section .ubsct
                                   used in Debug\main.o
                                           (C:\Program Files\COSMIC\CXSTM8_32K\Lib\libm0.sm8)eeprom.o
                                           (C:\Program Files\COSMIC\CXSTM8_32K\Lib\libm0.sm8)itolx.o
                                           (C:\Program Files\COSMIC\CXSTM8_32K\Lib\libm0.sm8)ladd.o
                                           (C:\Program Files\COSMIC\CXSTM8_32K\Lib\libm0.sm8)lcmp.o
                                           (C:\Program Files\COSMIC\CXSTM8_32K\Lib\libm0.sm8)ldiv.o
                                           (C:\Program Files\COSMIC\CXSTM8_32K\Lib\libm0.sm8)lgadd.o
                                           (C:\Program Files\COSMIC\CXSTM8_32K\Lib\libm0.sm8)lgsub.o
                                           (C:\Program Files\COSMIC\CXSTM8_32K\Lib\libm0.sm8)lmul.o
                                           (C:\Program Files\COSMIC\CXSTM8_32K\Lib\libm0.sm8)lneg.o
                                           (C:\Program Files\COSMIC\CXSTM8_32K\Lib\libm0.sm8)lrsh.o
                                           (C:\Program Files\COSMIC\CXSTM8_32K\Lib\libm0.sm8)lsbc.o
                                           (C:\Program Files\COSMIC\CXSTM8_32K\Lib\libm0.sm8)ltor.o
                                           (C:\Program Files\COSMIC\CXSTM8_32K\Lib\libm0.sm8)rtol.o
                                           (C:\Program Files\COSMIC\CXSTM8_32K\Lib\libm0.sm8)utolx.o
                                           (C:\Program Files\COSMIC\CXSTM8_32K\Lib\libm0.sm8)umul.o
                                           (C:\Program Files\COSMIC\CXSTM8_32K\Lib\libm0.sm8)vmul.o
c_lrsh                  00009f80   defined in (C:\Program Files\COSMIC\CXSTM8_32K\Lib\libm0.sm8)lrsh.o section .text
                                   used in Debug\main.o
c_lsbc                  00009f8f   defined in (C:\Program Files\COSMIC\CXSTM8_32K\Lib\libm0.sm8)lsbc.o section .text
                                   used in Debug\main.o
c_ltor                  00009fa6   defined in (C:\Program Files\COSMIC\CXSTM8_32K\Lib\libm0.sm8)ltor.o section .text
                                   used in Debug\main.o
c_rtol                  00009fb8   defined in (C:\Program Files\COSMIC\CXSTM8_32K\Lib\libm0.sm8)rtol.o section .text
                                   used in Debug\main.o
                                           (C:\Program Files\COSMIC\CXSTM8_32K\Lib\libm0.sm8)lgmul.o
c_uitolx                00009fca   defined in (C:\Program Files\COSMIC\CXSTM8_32K\Lib\libm0.sm8)utolx.o section .text
                                   used in Debug\main.o
c_umul                  00009fd1   defined in (C:\Program Files\COSMIC\CXSTM8_32K\Lib\libm0.sm8)umul.o section .text
                                   used in Debug\main.o
                                           (C:\Program Files\COSMIC\CXSTM8_32K\Lib\libm0.sm8)vmul.o
c_vmul                  0000a00d   defined in (C:\Program Files\COSMIC\CXSTM8_32K\Lib\libm0.sm8)vmul.o section .text
                                   used in Debug\main.o
c_x                     000000f0   defined in (C:\Program Files\COSMIC\CXSTM8_32K\Lib\libm0.sm8)xreg.o section .ubsct
                                   used in C:\Program Files\COSMIC\CXSTM8_32K\Lib\crtsi0.sm8
                                           Debug\main.o
                                           (C:\Program Files\COSMIC\CXSTM8_32K\Lib\libm0.sm8)imul.o
                                           (C:\Program Files\COSMIC\CXSTM8_32K\Lib\libm0.sm8)lsdiv.o
                                           (C:\Program Files\COSMIC\CXSTM8_32K\Lib\libm0.sm8)ldiv.o
                                           (C:\Program Files\COSMIC\CXSTM8_32K\Lib\libm0.sm8)lmul.o
                                           (C:\Program Files\COSMIC\CXSTM8_32K\Lib\libm0.sm8)umul.o
                                           (C:\Program Files\COSMIC\CXSTM8_32K\Lib\libm0.sm8)vmul.o
c_y                     000000f3   defined in (C:\Program Files\COSMIC\CXSTM8_32K\Lib\libm0.sm8)yreg.o section .ubsct
                                   used in C:\Program Files\COSMIC\CXSTM8_32K\Lib\crtsi0.sm8
                                           Debug\main.o
                                           (C:\Program Files\COSMIC\CXSTM8_32K\Lib\libm0.sm8)umul.o
                                           (C:\Program Files\COSMIC\CXSTM8_32K\Lib\libm0.sm8)vmul.o
f_ADC2_EOC_Interrupt    000099aa   defined in Debug\main.o section .text
                                   used in Debug\stm8_interrupt_vector.o
f_CAN_RX_Interrupt      00009982   defined in Debug\main.o section .text
                                   used in Debug\stm8_interrupt_vector.o
f_CAN_TX_Interrupt      0000999a   defined in Debug\main.o section .text
                                   used in Debug\stm8_interrupt_vector.o
f_NonHandledInterrupt   0000a025   defined in Debug\stm8_interrupt_vector.o section .text
f_TIM4_UPD_Interrupt    000098eb   defined in Debug\main.o section .text
                                   used in Debug\stm8_interrupt_vector.o
